[2026-08-25T07:38:22.342Z] {"timestamp":1787643501603,"kind":"scroll","url":"http://localhost:3000/","viewport":{"width":902,"height":710},"payload":{"scrollX":0,"scrollY":1.600000023841858,"documentHeight":2985,"viewportHeight":710}}
[2026-08-25T07:38:22.342Z] {"timestamp":1787643502287,"kind":"scroll","url":"http://localhost:3000/","viewport":{"width":902,"height":710},"payload":{"scrollX":0,"scrollY":401.6000061035156,"documentHeight":2986,"viewportHeight":710}}
[2026-08-25T07:38:24.337Z] {"timestamp":1787643503236,"kind":"scroll","url":"http://localhost:3000/","viewport":{"width":902,"height":710},"payload":{"scrollX":0,"scrollY":801.5999755859375,"documentHeight":2986,"viewportHeight":710}}
[2026-08-25T07:38:24.337Z] {"timestamp":1787643504286,"kind":"scroll","url":"http://localhost:3000/","viewport":{"width":902,"height":710},"payload":{"scrollX":0,"scrollY":1201.5999755859375,"documentHeight":2986,"viewportHeight":710}}
[2026-08-25T07:38:26.339Z] {"timestamp":1787643505286,"kind":"scroll","url":"http://localhost:3000/","viewport":{"width":902,"height":710},"payload":{"scrollX":0,"scrollY":1501.5999755859375,"documentHeight":2986,"viewportHeight":710}}
[2026-08-25T07:38:26.339Z] {"timestamp":1787643505836,"kind":"scroll","url":"http://localhost:3000/","viewport":{"width":902,"height":710},"payload":{"scrollX":0,"scrollY":1901.5999755859375,"documentHeight":2986,"viewportHeight":710}}
[2026-08-25T07:38:28.334Z] {"timestamp":1787643506753,"kind":"scroll","url":"http://localhost:3000/","viewport":{"width":902,"height":710},"payload":{"scrollX":0,"scrollY":2274.39990234375,"documentHeight":2986,"viewportHeight":710}}
[2026-08-25T07:38:34.343Z] {"timestamp":1787643514035,"kind":"scroll","url":"http://localhost:3000/","viewport":{"width":902,"height":710},"payload":{"scrollX":0,"scrollY":2274.39990234375,"documentHeight":2986,"viewportHeight":710}}
[2026-08-25T07:38:36.334Z] {"timestamp":1787643514852,"kind":"scroll","url":"http://localhost:3000/","viewport":{"width":902,"height":710},"payload":{"scrollX":0,"scrollY":1574.4000244140625,"documentHeight":2986,"viewportHeight":710}}
[2026-08-25T07:38:36.334Z] {"timestamp":1787643515396,"kind":"scroll","url":"http://localhost:3000/","viewport":{"width":902,"height":710},"payload":{"scrollX":0,"scrollY":977.5999755859375,"documentHeight":2986,"viewportHeight":710}}
[2026-08-25T07:38:38.336Z] {"timestamp":1787643516853,"kind":"scroll","url":"http://localhost:3000/","viewport":{"width":902,"height":710},"payload":{"scrollX":0,"scrollY":1374.4000244140625,"documentHeight":2986,"viewportHeight":710}}
[2026-08-25T07:38:42.333Z] {"timestamp":1787643520702,"kind":"scroll","url":"http://localhost:3000/","viewport":{"width":902,"height":710},"payload":{"scrollX":0,"scrollY":1077.5999755859375,"documentHeight":2986,"viewportHeight":710}}
[2026-08-25T07:38:44.340Z] {"timestamp":1787643523652,"kind":"scroll","url":"http://localhost:3000/","viewport":{"width":902,"height":710},"payload":{"scrollX":0,"scrollY":1374.4000244140625,"documentHeight":2986,"viewportHeight":710}}
[2026-08-25T07:38:46.334Z] {"timestamp":1787643524552,"kind":"scroll","url":"http://localhost:3000/","viewport":{"width":902,"height":710},"payload":{"scrollX":0,"scrollY":674.4000244140625,"documentHeight":2986,"viewportHeight":710}}
[2026-08-25T07:38:52.340Z] {"timestamp":1787643530869,"kind":"scroll","url":"http://localhost:3000/","viewport":{"width":902,"height":710},"payload":{"scrollX":0,"scrollY":77.5999984741211,"documentHeight":2986,"viewportHeight":710}}
[2026-08-25T07:38:52.340Z] {"timestamp":1787643531379,"kind":"scroll","url":"http://localhost:3000/","viewport":{"width":902,"height":710},"payload":{"scrollX":0,"scrollY":700,"documentHeight":2986,"viewportHeight":710}}
[2026-08-25T07:38:52.340Z] {"timestamp":1787643531952,"kind":"scroll","url":"http://localhost:3000/","viewport":{"width":902,"height":710},"payload":{"scrollX":0,"scrollY":1274.4000244140625,"documentHeight":2986,"viewportHeight":710}}
[2026-08-25T07:38:58.332Z] {"timestamp":1787643537168,"kind":"scroll","url":"http://localhost:3000/","viewport":{"width":902,"height":710},"payload":{"scrollX":0,"scrollY":574.4000244140625,"documentHeight":2986,"viewportHeight":710}}
[2026-08-25T07:39:02.364Z] {"timestamp":1787643540835,"kind":"scroll","url":"http://localhost:3000/","viewport":{"width":902,"height":710},"payload":{"scrollX":0,"scrollY":374.3999938964844,"documentHeight":2986,"viewportHeight":710}}
[2026-08-25T07:39:02.364Z] {"timestamp":1787643542269,"kind":"scroll","url":"http://localhost:3000/","viewport":{"width":902,"height":710},"payload":{"scrollX":0,"scrollY":1.600000023841858,"documentHeight":2985,"viewportHeight":710}}
[2026-08-25T07:39:04.341Z] {"timestamp":1787643542802,"kind":"scroll","url":"http://localhost:3000/","viewport":{"width":902,"height":710},"payload":{"scrollX":0,"scrollY":701.5999755859375,"documentHeight":2986,"viewportHeight":710}}
[2026-08-25T07:39:04.341Z] {"timestamp":1787643543312,"kind":"scroll","url":"http://localhost:3000/","viewport":{"width":902,"height":710},"payload":{"scrollX":0,"scrollY":1360,"documentHeight":2986,"viewportHeight":710}}
[2026-08-25T07:39:04.341Z] {"timestamp":1787643543819,"kind":"scroll","url":"http://localhost:3000/","viewport":{"width":902,"height":710},"payload":{"scrollX":0,"scrollY":93.5999984741211,"documentHeight":2986,"viewportHeight":710}}
[2026-08-25T07:39:06.350Z] {"timestamp":1787643545165,"kind":"focusin","url":"http://localhost:3000/","viewport":{"width":902,"height":710},"payload":{"target":{"tag":"div","id":"radix-_r_1_","name":null,"type":null,"role":"menu","ariaLabel":null,"testId":null,"dataLoc":"..\\web\\src\\components\\LanguageSelector.tsx:8","href":null,"text":"English Français","selectorHint":"[data-loc=\"..\\web\\src\\components\\LanguageSelector.tsx:8\"]"}}}
[2026-08-25T07:39:06.351Z] {"timestamp":1787643545181,"kind":"click","url":"http://localhost:3000/","viewport":{"width":902,"height":710},"payload":{"target":{"tag":"html","id":null,"name":null,"type":null,"role":null,"ariaLabel":null,"testId":null,"dataLoc":null,"href":null,"text":"BioCollect Features Benefits Workspaces EN Create a workspace Collect, verify, d…","selectorHint":"html"},"x":636,"y":37}}
[2026-08-25T07:39:06.351Z] {"timestamp":1787643545609,"kind":"focusout","url":"http://localhost:3000/","viewport":{"width":902,"height":710},"payload":{"target":{"tag":"div","id":"radix-_r_1_","name":null,"type":null,"role":"menu","ariaLabel":null,"testId":null,"dataLoc":"..\\web\\src\\components\\LanguageSelector.tsx:8","href":null,"text":"English Français","selectorHint":"[data-loc=\"..\\web\\src\\components\\LanguageSelector.tsx:8\"]"},"value":null}}
[2026-08-25T07:39:06.351Z] {"timestamp":1787643545610,"kind":"focusin","url":"http://localhost:3000/","viewport":{"width":902,"height":710},"payload":{"target":{"tag":"div","id":null,"name":null,"type":null,"role":"menuitem","ariaLabel":null,"testId":null,"dataLoc":"..\\web\\src\\components\\LanguageSelector.tsx:8","href":null,"text":"English","selectorHint":"[data-loc=\"..\\web\\src\\components\\LanguageSelector.tsx:8\"]"}}}
[2026-08-25T07:39:06.351Z] {"timestamp":1787643545884,"kind":"focusout","url":"http://localhost:3000/","viewport":{"width":902,"height":710},"payload":{"target":{"tag":"div","id":null,"name":null,"type":null,"role":"menuitem","ariaLabel":null,"testId":null,"dataLoc":"..\\web\\src\\components\\LanguageSelector.tsx:8","href":null,"text":"English","selectorHint":"[data-loc=\"..\\web\\src\\components\\LanguageSelector.tsx:8\"]"},"value":null}}
[2026-08-25T07:39:06.351Z] {"timestamp":1787643545887,"kind":"focusin","url":"http://localhost:3000/","viewport":{"width":902,"height":710},"payload":{"target":{"tag":"div","id":"radix-_r_1_","name":null,"type":null,"role":"menu","ariaLabel":null,"testId":null,"dataLoc":"..\\web\\src\\components\\LanguageSelector.tsx:8","href":null,"text":"English Français","selectorHint":"[data-loc=\"..\\web\\src\\components\\LanguageSelector.tsx:8\"]"}}}
[2026-08-25T07:39:06.351Z] {"timestamp":1787643545905,"kind":"focusout","url":"http://localhost:3000/","viewport":{"width":902,"height":710},"payload":{"target":{"tag":"div","id":"radix-_r_1_","name":null,"type":null,"role":"menu","ariaLabel":null,"testId":null,"dataLoc":"..\\web\\src\\components\\LanguageSelector.tsx:8","href":null,"text":"English Français","selectorHint":"[data-loc=\"..\\web\\src\\components\\LanguageSelector.tsx:8\"]"},"value":null}}
[2026-08-25T07:39:06.351Z] {"timestamp":1787643545907,"kind":"focusin","url":"http://localhost:3000/","viewport":{"width":902,"height":710},"payload":{"target":{"tag":"div","id":null,"name":null,"type":null,"role":"menuitem","ariaLabel":null,"testId":null,"dataLoc":"..\\web\\src\\components\\LanguageSelector.tsx:8","href":null,"text":"Français","selectorHint":"[data-loc=\"..\\web\\src\\components\\LanguageSelector.tsx:8\"]"}}}
[2026-08-25T07:39:08.337Z] {"timestamp":1787643546420,"kind":"click","url":"http://localhost:3000/","viewport":{"width":902,"height":710},"payload":{"target":{"tag":"div","id":null,"name":null,"type":null,"role":"menuitem","ariaLabel":null,"testId":null,"dataLoc":"..\\web\\src\\components\\LanguageSelector.tsx:8","href":null,"text":"Français","selectorHint":"[data-loc=\"..\\web\\src\\components\\LanguageSelector.tsx:8\"]"},"x":586,"y":113}}
[2026-08-25T07:39:08.337Z] {"timestamp":1787643546574,"kind":"focusout","url":"http://localhost:3000/","viewport":{"width":902,"height":710},"payload":{"target":{"tag":"div","id":null,"name":null,"type":null,"role":"menuitem","ariaLabel":null,"testId":null,"dataLoc":"..\\web\\src\\components\\LanguageSelector.tsx:8","href":null,"text":"Français","selectorHint":"[data-loc=\"..\\web\\src\\components\\LanguageSelector.tsx:8\"]"},"value":null}}
[2026-08-25T07:39:08.337Z] {"timestamp":1787643546605,"kind":"focusin","url":"http://localhost:3000/","viewport":{"width":902,"height":710},"payload":{"target":{"tag":"button","id":"radix-_r_0_","name":null,"type":null,"role":null,"ariaLabel":"Choisir la langue","testId":null,"dataLoc":"..\\web\\src\\components\\LanguageSelector.tsx:8","href":null,"text":"FR","selectorHint":"[data-loc=\"..\\web\\src\\components\\LanguageSelector.tsx:8\"]"}}}
[2026-08-25T07:39:10.335Z] {"timestamp":1787643548351,"kind":"scroll","url":"http://localhost:3000/","viewport":{"width":902,"height":710},"payload":{"scrollX":0,"scrollY":1.600000023841858,"documentHeight":3073,"viewportHeight":710}}
[2026-08-25T07:39:10.335Z] {"timestamp":1787643548969,"kind":"scroll","url":"http://localhost:3000/","viewport":{"width":902,"height":710},"payload":{"scrollX":0,"scrollY":801.5999755859375,"documentHeight":3074,"viewportHeight":710}}
[2026-08-25T07:39:10.335Z] {"timestamp":1787643549484,"kind":"scroll","url":"http://localhost:3000/","viewport":{"width":902,"height":710},"payload":{"scrollX":0,"scrollY":1606.4000244140625,"documentHeight":3074,"viewportHeight":710}}
[2026-08-25T07:39:12.335Z] {"timestamp":1787643550351,"kind":"scroll","url":"http://localhost:3000/","viewport":{"width":902,"height":710},"payload":{"scrollX":0,"scrollY":2362.39990234375,"documentHeight":3074,"viewportHeight":710}}
[2026-08-25T07:39:12.335Z] {"timestamp":1787643550878,"kind":"scroll","url":"http://localhost:3000/","viewport":{"width":902,"height":710},"payload":{"scrollX":0,"scrollY":1362.4000244140625,"documentHeight":3074,"viewportHeight":710}}
[2026-08-25T07:39:12.335Z] {"timestamp":1787643551395,"kind":"scroll","url":"http://localhost:3000/","viewport":{"width":902,"height":710},"payload":{"scrollX":0,"scrollY":662.4000244140625,"documentHeight":3074,"viewportHeight":710}}
[2026-08-25T07:39:26.334Z] {"timestamp":1787643564420,"kind":"focusout","url":"http://localhost:3000/","viewport":{"width":902,"height":710},"payload":{"target":{"tag":"button","id":"radix-_r_0_","name":null,"type":null,"role":null,"ariaLabel":"Choisir la langue","testId":null,"dataLoc":"..\\web\\src\\components\\LanguageSelector.tsx:8","href":null,"text":"FR","selectorHint":"[data-loc=\"..\\web\\src\\components\\LanguageSelector.tsx:8\"]"},"value":null}}
[2026-08-25T07:39:26.334Z] {"timestamp":1787643564421,"kind":"focusin","url":"http://localhost:3000/","viewport":{"width":902,"height":710},"payload":{"target":{"tag":"div","id":"radix-_r_1_","name":null,"type":null,"role":"menu","ariaLabel":null,"testId":null,"dataLoc":"..\\web\\src\\components\\LanguageSelector.tsx:8","href":null,"text":"English Français","selectorHint":"[data-loc=\"..\\web\\src\\components\\LanguageSelector.tsx:8\"]"}}}
[2026-08-25T07:39:26.334Z] {"timestamp":1787643564487,"kind":"click","url":"http://localhost:3000/","viewport":{"width":902,"height":710},"payload":{"target":{"tag":"html","id":null,"name":null,"type":null,"role":null,"ariaLabel":null,"testId":null,"dataLoc":null,"href":null,"text":"BioCollect Fonctionnalités Avantages Espaces d’entité FR Créer un espace Collect…","selectorHint":"html"},"x":659,"y":32}}
[2026-08-25T07:39:26.334Z] {"timestamp":1787643564758,"kind":"focusout","url":"http://localhost:3000/","viewport":{"width":902,"height":710},"payload":{"target":{"tag":"div","id":"radix-_r_1_","name":null,"type":null,"role":"menu","ariaLabel":null,"testId":null,"dataLoc":"..\\web\\src\\components\\LanguageSelector.tsx:8","href":null,"text":"English Français","selectorHint":"[data-loc=\"..\\web\\src\\components\\LanguageSelector.tsx:8\"]"},"value":null}}
[2026-08-25T07:39:26.334Z] {"timestamp":1787643564760,"kind":"focusin","url":"http://localhost:3000/","viewport":{"width":902,"height":710},"payload":{"target":{"tag":"div","id":null,"name":null,"type":null,"role":"menuitem","ariaLabel":null,"testId":null,"dataLoc":"..\\web\\src\\components\\LanguageSelector.tsx:8","href":null,"text":"English","selectorHint":"[data-loc=\"..\\web\\src\\components\\LanguageSelector.tsx:8\"]"}}}
[2026-08-25T07:39:26.334Z] {"timestamp":1787643565424,"kind":"click","url":"http://localhost:3000/","viewport":{"width":902,"height":710},"payload":{"target":{"tag":"div","id":null,"name":null,"type":null,"role":"menuitem","ariaLabel":null,"testId":null,"dataLoc":"..\\web\\src\\components\\LanguageSelector.tsx:8","href":null,"text":"English","selectorHint":"[data-loc=\"..\\web\\src\\components\\LanguageSelector.tsx:8\"]"},"x":618,"y":76}}
[2026-08-25T07:39:26.334Z] {"timestamp":1787643565622,"kind":"focusout","url":"http://localhost:3000/","viewport":{"width":902,"height":710},"payload":{"target":{"tag":"div","id":null,"name":null,"type":null,"role":"menuitem","ariaLabel":null,"testId":null,"dataLoc":"..\\web\\src\\components\\LanguageSelector.tsx:8","href":null,"text":"English","selectorHint":"[data-loc=\"..\\web\\src\\components\\LanguageSelector.tsx:8\"]"},"value":null}}
[2026-08-25T07:39:26.334Z] {"timestamp":1787643565657,"kind":"focusin","url":"http://localhost:3000/","viewport":{"width":902,"height":710},"payload":{"target":{"tag":"button","id":"radix-_r_0_","name":null,"type":null,"role":null,"ariaLabel":"Choose language","testId":null,"dataLoc":"..\\web\\src\\components\\LanguageSelector.tsx:8","href":null,"text":"EN","selectorHint":"[data-loc=\"..\\web\\src\\components\\LanguageSelector.tsx:8\"]"}}}
[2026-08-25T07:39:34.341Z] {"timestamp":1787643572451,"kind":"scroll","url":"http://localhost:3000/","viewport":{"width":902,"height":710},"payload":{"scrollX":0,"scrollY":1.600000023841858,"documentHeight":2985,"viewportHeight":710}}
[2026-08-25T07:39:34.341Z] {"timestamp":1787643573033,"kind":"scroll","url":"http://localhost:3000/","viewport":{"width":902,"height":710},"payload":{"scrollX":0,"scrollY":601.5999755859375,"documentHeight":2986,"viewportHeight":710}}
[2026-08-25T07:39:34.341Z] {"timestamp":1787643573534,"kind":"scroll","url":"http://localhost:3000/","viewport":{"width":902,"height":710},"payload":{"scrollX":0,"scrollY":1300,"documentHeight":2986,"viewportHeight":710}}
[2026-08-25T07:39:34.341Z] {"timestamp":1787643574168,"kind":"scroll","url":"http://localhost:3000/","viewport":{"width":902,"height":710},"payload":{"scrollX":0,"scrollY":1801.5999755859375,"documentHeight":2986,"viewportHeight":710}}
[2026-08-25T07:39:36.338Z] {"timestamp":1787643575045,"kind":"scroll","url":"http://localhost:3000/","viewport":{"width":902,"height":710},"payload":{"scrollX":0,"scrollY":2274.39990234375,"documentHeight":2986,"viewportHeight":710}}
[2026-08-25T07:39:36.339Z] {"timestamp":1787643575544,"kind":"scroll","url":"http://localhost:3000/","viewport":{"width":902,"height":710},"payload":{"scrollX":0,"scrollY":1436,"documentHeight":2986,"viewportHeight":710}}
[2026-08-25T07:39:36.339Z] {"timestamp":1787643576044,"kind":"scroll","url":"http://localhost:3000/","viewport":{"width":902,"height":710},"payload":{"scrollX":0,"scrollY":676,"documentHeight":2986,"viewportHeight":710}}
[2026-08-25T07:39:38.333Z] {"timestamp":1787643576612,"kind":"scroll","url":"http://localhost:3000/","viewport":{"width":902,"height":710},"payload":{"scrollX":0,"scrollY":78.4000015258789,"documentHeight":2986,"viewportHeight":710}}
[2026-08-25T07:39:38.333Z] {"timestamp":1787643577117,"kind":"scroll","url":"http://localhost:3000/","viewport":{"width":902,"height":710},"payload":{"scrollX":0,"scrollY":941.5999755859375,"documentHeight":2986,"viewportHeight":710}}
[2026-08-25T07:39:42.340Z] {"timestamp":1787643582171,"kind":"scroll","url":"http://localhost:3000/","viewport":{"width":902,"height":710},"payload":{"scrollX":0,"scrollY":977.5999755859375,"documentHeight":2986,"viewportHeight":710}}
[2026-08-25T07:39:44.333Z] {"timestamp":1787643582761,"kind":"scroll","url":"http://localhost:3000/","viewport":{"width":902,"height":710},"payload":{"scrollX":0,"scrollY":1474.4000244140625,"documentHeight":2986,"viewportHeight":710}}
[2026-08-25T07:39:46.339Z] {"timestamp":1787643585334,"kind":"scroll","url":"http://localhost:3000/","viewport":{"width":902,"height":710},"payload":{"scrollX":0,"scrollY":1177.5999755859375,"documentHeight":2986,"viewportHeight":710}}
[2026-08-25T07:39:46.339Z] {"timestamp":1787643585967,"kind":"scroll","url":"http://localhost:3000/","viewport":{"width":902,"height":710},"payload":{"scrollX":0,"scrollY":1977.5999755859375,"documentHeight":2986,"viewportHeight":710}}
[2026-08-25T07:39:50.332Z] {"timestamp":1787643589667,"kind":"scroll","url":"http://localhost:3000/","viewport":{"width":902,"height":710},"payload":{"scrollX":0,"scrollY":2274.39990234375,"documentHeight":2986,"viewportHeight":710}}
[2026-08-25T07:39:50.332Z] {"timestamp":1787643590234,"kind":"scroll","url":"http://localhost:3000/","viewport":{"width":902,"height":710},"payload":{"scrollX":0,"scrollY":1474.4000244140625,"documentHeight":2986,"viewportHeight":710}}
[2026-08-25T07:39:52.333Z] {"timestamp":1787643590748,"kind":"scroll","url":"http://localhost:3000/","viewport":{"width":902,"height":710},"payload":{"scrollX":0,"scrollY":860,"documentHeight":2986,"viewportHeight":710}}
[2026-08-25T07:39:52.333Z] {"timestamp":1787643591584,"kind":"scroll","url":"http://localhost:3000/","viewport":{"width":902,"height":710},"payload":{"scrollX":0,"scrollY":277.6000061035156,"documentHeight":2986,"viewportHeight":710}}
[2026-08-25T07:40:02.333Z] {"timestamp":1787643600428,"kind":"focusout","url":"http://localhost:3000/","viewport":{"width":902,"height":710},"payload":{"target":{"tag":"button","id":"radix-_r_0_","name":null,"type":null,"role":null,"ariaLabel":"Choose language","testId":null,"dataLoc":"..\\web\\src\\components\\LanguageSelector.tsx:8","href":null,"text":"EN","selectorHint":"[data-loc=\"..\\web\\src\\components\\LanguageSelector.tsx:8\"]"},"value":null}}
